// Jest Snapshot v1, https://goo.gl/fbAQLP

exports[`NavTitle renders correctly 1`] = `
<div
  className="sc-bdfBwQ iSZmFD"
>
  <a
    href="/"
  >
    <img
      alt="logo"
      src="test-file-stub"
    />
  </a>
</div>
`;
